App.tsx(586,6): error TS17008: JSX element 'div' has no corresponding closing tag.
App.tsx(691,8): error TS17008: JSX element 'main' has no corresponding closing tag.
App.tsx(1030,20): error TS1381: Unexpected token. Did you mean `{'}'}` or `&rbrace;`?
App.tsx(1032,15): error TS1005: ')' expected.
App.tsx(1032,17): error TS1003: Identifier expected.
App.tsx(1033,13): error TS1381: Unexpected token. Did you mean `{'}'}` or `&rbrace;`?
App.tsx(1034,12): error TS1382: Unexpected token. Did you mean `{'>'}` or `&gt;`?
App.tsx(1187,11): error TS17015: Expected corresponding closing tag for JSX fragment.
App.tsx(1188,9): error TS17002: Expected corresponding JSX closing tag for 'Route'.
App.tsx(1241,7): error TS17002: Expected corresponding JSX closing tag for 'Routes'.
App.tsx(1243,1): error TS1381: Unexpected token. Did you mean `{'}'}` or `&rbrace;`?
App.tsx(1245,1): error TS1005: '</' expected.
